=== GLYCOGUARD AI - SELENIUM WEB UI TEST EXECUTION LOG ===
Timestamp: 2026-08-19T15:36:59.423186
Total: 95 | Passed: 95 | Failed: 0 | Blocked: 0 | Not Executed: 0

[PASS] TC-SEL-001 - Page Title Verification
[PASS] TC-SEL-002 - Viewport Meta Tag
[PASS] TC-SEL-003 - Splash Screen Structure
[PASS] TC-SEL-005 - Protected Main Shell Hidden
[PASS] TC-SEL-007 - Brand Tagline Verification
[PASS] TC-SEL-008 - Auth Navigation Tabs
[PASS] TC-SEL-009 - Theme Attribute Check
[PASS] TC-SEL-010 - Toast Container Presence
[PASS] TC-SEL-011 - Login Username Input
[PASS] TC-SEL-012 - Password Input Masking
[PASS] TC-SEL-013 - Empty Login Validation
[PASS] TC-SEL-014 - Empty Password Validation
[PASS] TC-SEL-018 - Switch to Register Tab
[PASS] TC-SEL-019 - Switch to Forgot Tab
[PASS] TC-SEL-020 - Switch Back to Login Tab
[PASS] TC-SEL-021 - Google Modal Open
[PASS] TC-SEL-022 - Google Modal Close
[PASS] TC-SEL-024 - Google Custom Input Drawer
[PASS] TC-SEL-025 - Google Login Execution
[PASS] TC-SEL-026 - Dashboard Dynamic Greeting
[PASS] TC-SEL-027 - Dashboard Date Display
[PASS] TC-SEL-028 - Risk Hero Card
[PASS] TC-SEL-029 - Risk Status Pill Badge
[PASS] TC-SEL-030 - Risk Probability Percentage
[PASS] TC-SEL-031 - KPI Glucose Tile
[PASS] TC-SEL-032 - KPI Water Intake Tile
[PASS] TC-SEL-033 - KPI Physical Activity Tile
[PASS] TC-SEL-034 - KPI Sleep Duration Tile
[PASS] TC-SEL-035 - Quick Actions Navigation Grid
[PASS] TC-SEL-036 - Recent Activity Feed Items
[PASS] TC-SEL-037 - Desktop Header Display
[PASS] TC-SEL-038 - Desktop Navigation Links Count
[PASS] TC-SEL-039 - Navigate to Prediction View
[PASS] TC-SEL-040 - Navigate to Tracking View
[PASS] TC-SEL-041 - Navigate to Planner View
[PASS] TC-SEL-042 - Navigate to Patients View
[PASS] TC-SEL-043 - Navigate to Analytics View
[PASS] TC-SEL-044 - Navigate to Reports View
[PASS] TC-SEL-045 - Navigate to Profile View
[PASS] TC-SEL-046 - Navigate to Dashboard View
[PASS] TC-SEL-047 - Bottom Clearance Spacers
[PASS] TC-SEL-048 - Theme Toggle Action
[PASS] TC-SEL-049 - Theme Restore Action
[PASS] TC-SEL-050 - User Avatar Initial
[PASS] TC-SEL-051 - Prediction Biomarker Inputs
[PASS] TC-SEL-052 - Prediction Patient Selector
[PASS] TC-SEL-053 - Patient Metrics Autofill
[PASS] TC-SEL-054 - Low Risk Assessment
[PASS] TC-SEL-055 - High Risk Assessment
[PASS] TC-SEL-056 - Circular Gauge Score Text
[PASS] TC-SEL-057 - Clinical Recommendation Output
[PASS] TC-SEL-058 - Open AI Plan Navigation
[PASS] TC-SEL-059 - Planner Goal Item Toggle
[PASS] TC-SEL-060 - Planner Protocol Switch
[PASS] TC-SEL-061 - Save Daily Vitals Log
[PASS] TC-SEL-062 - Tracking Chart Canvas
[PASS] TC-SEL-063 - Tracking History Feed
[PASS] TC-SEL-064 - Patients Directory List
[PASS] TC-SEL-065 - Patient Search Filter
[PASS] TC-SEL-066 - Add Patient Modal Open
[PASS] TC-SEL-067 - Modal BMI Auto-Calculation
[PASS] TC-SEL-068 - Save Patient Record
[PASS] TC-SEL-069 - Analytics 4 Charts Render
[PASS] TC-SEL-070 - Generate Clinical Report
[PASS] TC-SEL-071 - HTML Semantic Landmarks
[PASS] TC-SEL-072 - Input Form Labels
[PASS] TC-SEL-073 - Button Accessible Icons
[PASS] TC-SEL-075 - Chart JS Library Loaded
[PASS] TC-SEL-076 - Config Global Object
[PASS] TC-SEL-077 - AppState Global Object
[PASS] TC-SEL-078 - LocalDB Global Object
[PASS] TC-SEL-079 - LocalMLEngine Global Object
[PASS] TC-SEL-080 - Mobile Viewport Resize (390px)
[PASS] TC-SEL-081 - Mobile Header Visible on 390px
[PASS] TC-SEL-082 - Bottom Nav Visible on 390px
[PASS] TC-SEL-083 - Desktop Header Hidden on 390px
[PASS] TC-SEL-085 - Desktop Viewport Resize (1280px)
[PASS] TC-SEL-087 - Page Deep Link Query Param
[PASS] TC-SEL-088 - Page Deep Link Prediction
[PASS] TC-SEL-089 - Page Deep Link Patients
[PASS] TC-SEL-090 - Negative Input Handling
[PASS] TC-SEL-091 - Extreme Biomarker Risk Ceiling
[PASS] TC-SEL-092 - Extreme Low Biomarker Risk Floor
[PASS] TC-SEL-093 - Profile Email Display
[PASS] TC-SEL-094 - Profile Role Display
[PASS] TC-SEL-095 - Cloud API URL Config Field
[PASS] TC-SEL-096 - Test Server Button Presence
[PASS] TC-SEL-097 - Save API URL Action
[PASS] TC-SEL-099 - Patient Height Constraint
[PASS] TC-SEL-100 - Patient Weight Constraint
[PASS] TC-SEL-101 - FontAwesome Icon Loading
[PASS] TC-SEL-102 - Google Fonts Preconnect
[PASS] TC-SEL-103 - CSS Root Color Tokens
[PASS] TC-SEL-104 - Modal Backdrop Blur Filter
[PASS] TC-SEL-105 - Final Logout Cleanup
