=== GLYCOGUARD AI - WEB BUILD / APPLICATION FUNCTIONAL VALIDATION TEST EXECUTION LOG ===
Timestamp: 2026-08-20T10:55:22.407378
Total: 38 | Passed: 38 | Failed: 0 | Blocked: 0 | Not Executed: 0

[PASS] TC-FUNC-001 - Build Script Execution
[PASS] TC-FUNC-002 - www/index.html Presence
[PASS] TC-FUNC-003 - www/css/app.css Presence
[PASS] TC-FUNC-004 - www/js/app.js Presence
[PASS] TC-FUNC-005 - www/js/config.js Presence
[PASS] TC-FUNC-006 - Android index.html Sync
[PASS] TC-FUNC-007 - Android css/app.css Sync
[PASS] TC-FUNC-008 - Android js/app.js Sync
[PASS] TC-FUNC-009 - mobile/index.html Alias Sync
[PASS] TC-FUNC-010 - auth.html Alias Sync
[PASS] TC-FUNC-011 - ML Model Pickle Deserialization
[PASS] TC-FUNC-012 - ML Model Benchmark Classification
[PASS] TC-FUNC-013 - Clinical Datasets Integrity
[PASS] TC-FUNC-014 - Model Evaluation Artifact
[PASS] TC-FUNC-015 - Cloud Procfile Configuration
[PASS] TC-FUNC-016 - render.yaml Manifest Validity
[PASS] TC-FUNC-017 - package.json Build Scripts
[PASS] TC-FUNC-018 - Capacitor App Dependencies
[PASS] TC-FUNC-019 - Frontend Redirect: dashboard.html
[PASS] TC-FUNC-020 - Frontend Redirect: prediction.html
[PASS] TC-FUNC-021 - Frontend Redirect: patients.html
[PASS] TC-FUNC-022 - Frontend Redirect: tracking.html
[PASS] TC-FUNC-023 - Frontend Redirect: planner.html
[PASS] TC-FUNC-024 - Frontend Redirect: analytics.html
[PASS] TC-FUNC-025 - Frontend Redirect: reports.html
[PASS] TC-FUNC-026 - Backend Blueprint: auth.py
[PASS] TC-FUNC-027 - Backend Blueprint: prediction.py
[PASS] TC-FUNC-028 - Backend Blueprint: patient.py
[PASS] TC-FUNC-029 - Backend Blueprint: tracking.py
[PASS] TC-FUNC-030 - Backend Blueprint: planner.py
[PASS] TC-FUNC-031 - Backend Blueprint: reports.py
[PASS] TC-FUNC-032 - Backend Blueprint: dashboard.py
[PASS] TC-FUNC-033 - Backend Live /health Verification
[PASS] TC-FUNC-034 - Live Signup & JWT Generation
[PASS] TC-FUNC-035 - Live Prediction ML Pipeline
[PASS] TC-FUNC-036 - Live Dashboard Metrics Fetch
[PASS] TC-FUNC-037 - Static Web Server Asset Serving
[PASS] TC-FUNC-038 - End-to-End System Operational Integrity
